
./src/app/api/agent/add-donor/route.ts
24:12  Error: 'error' is defined but never used.  @typescript-eslint/no-unused-vars

./src/app/api/agent/area-donors/route.ts
1:10  Error: 'NextRequest' is defined but never used.  @typescript-eslint/no-unused-vars
19:12  Error: 'error' is defined but never used.  @typescript-eslint/no-unused-vars

./src/app/api/agent/assign-area/route.ts
19:12  Error: 'error' is defined but never used.  @typescript-eslint/no-unused-vars

./src/app/api/agent/verify-donor/route.ts
19:12  Error: 'error' is defined but never used.  @typescript-eslint/no-unused-vars

./src/app/api/donors/route.ts
32:18  Error: Unexpected any. Specify a different type.  @typescript-eslint/no-explicit-any

./src/app/dashboard/admin/page.tsx
210:34  Error: Unexpected any. Specify a different type.  @typescript-eslint/no-explicit-any

./src/app/dashboard/agent/requests/page.tsx
22:24  Error: Unexpected any. Specify a different type.  @typescript-eslint/no-explicit-any
27:24  Error: Unexpected any. Specify a different type.  @typescript-eslint/no-explicit-any

./src/app/dashboard/requests/page.tsx
58:46  Error: '_formData' is defined but never used.  @typescript-eslint/no-unused-vars

./src/app/dashboard/requests/[id]/matches/page.tsx
6:8  Error: 'SectionHeading' is defined but never used.  @typescript-eslint/no-unused-vars
9:10  Error: 'BloodGroup' is defined but never used.  @typescript-eslint/no-unused-vars

./src/app/donors/page.tsx
12:17  Error: Unexpected any. Specify a different type.  @typescript-eslint/no-explicit-any

./src/app/donors-list/page.tsx
90:58  Error: Unexpected any. Specify a different type.  @typescript-eslint/no-explicit-any
106:70  Error: Unexpected any. Specify a different type.  @typescript-eslint/no-explicit-any

./src/components/AgentRequestCard.tsx
62:80  Error: `"` can be escaped with `&quot;`, `&ldquo;`, `&#34;`, `&rdquo;`.  react/no-unescaped-entities
62:95  Error: `"` can be escaped with `&quot;`, `&ldquo;`, `&#34;`, `&rdquo;`.  react/no-unescaped-entities

./src/components/donors/DonorList.tsx
6:10  Error: 'bloodGroupLabels' is defined but never used.  @typescript-eslint/no-unused-vars
10:75  Error: Unexpected any. Specify a different type.  @typescript-eslint/no-explicit-any
27:81  Error: Unexpected any. Specify a different type.  @typescript-eslint/no-explicit-any
34:14  Error: Unexpected any. Specify a different type.  @typescript-eslint/no-explicit-any

./src/components/donors/SearchFilters.tsx
5:10  Error: 'BloodGroup' is defined but never used.  @typescript-eslint/no-unused-vars

./src/components/forms/AvailabilityToggle.tsx
25:30  Error: '_formData' is defined but never used.  @typescript-eslint/no-unused-vars
39:30  Error: '_formData' is defined but never used.  @typescript-eslint/no-unused-vars

./src/components/Modal.tsx
1:10  Error: 'useState' is defined but never used.  @typescript-eslint/no-unused-vars

./src/lib/client-cache.ts
30:30  Error: 'ttl' is assigned a value but never used.  @typescript-eslint/no-unused-vars
42:13  Error: 'now' is assigned a value but never used.  @typescript-eslint/no-unused-vars
49:14  Error: 'e' is defined but never used.  @typescript-eslint/no-unused-vars

./src/scripts/promoteUser.ts
37:21  Error: Unexpected any. Specify a different type.  @typescript-eslint/no-explicit-any

info  - Need to disable some ESLint rules? Learn more here: https://nextjs.org/docs/basic-features/eslint#disabling-rules
