src/app/api/donors/route.ts(13,5): error TS2322: Type '{ OR?: ({ location: { contains: string; mode: "insensitive"; }; } | { user: { name: { contains: string; mode: "insensitive"; }; }; } | { user: { email: { contains: string; mode: "insensitive"; }; }; })[] | undefined; ... 4 more ...; blocked: false; }' is not assignable to type 'DonorProfileWhereInput'.
  Types of property 'bloodGroup' are incompatible.
    Type 'string | undefined' is not assignable to type 'BloodGroup | EnumBloodGroupFilter<"DonorProfile"> | undefined'.
      Type 'string' is not assignable to type 'BloodGroup | EnumBloodGroupFilter<"DonorProfile"> | undefined'.
src/app/api/requests/route.ts(9,5): error TS2322: Type '{ status: string; } | undefined' is not assignable to type 'BloodRequestWhereInput | undefined'.
  Type '{ status: string; }' is not assignable to type 'BloodRequestWhereInput'.
    Types of property 'status' are incompatible.
      Type 'string' is not assignable to type 'RequestStatus | EnumRequestStatusFilter<"BloodRequest"> | undefined'.
src/app/contact/page.tsx(27,17): error TS2322: Type '(formData: FormData) => Promise<{ error: string; success?: undefined; } | { success: boolean; error?: undefined; }>' is not assignable to type 'string | ((formData: FormData) => void | Promise<void>) | undefined'.
  Type '(formData: FormData) => Promise<{ error: string; success?: undefined; } | { success: boolean; error?: undefined; }>' is not assignable to type '(formData: FormData) => void | Promise<void>'.
    Type 'Promise<{ error: string; success?: undefined; } | { success: boolean; error?: undefined; }>' is not assignable to type 'void | Promise<void>'.
      Type 'Promise<{ error: string; success?: undefined; } | { success: boolean; error?: undefined; }>' is not assignable to type 'Promise<void>'.
        Type '{ error: string; success?: undefined; } | { success: boolean; error?: undefined; }' is not assignable to type 'void'.
          Type '{ error: string; success?: undefined; }' is not assignable to type 'void'.
src/app/dashboard/donor/page.tsx(81,25): error TS2322: Type '() => Promise<{ ok: boolean; error: string; status?: undefined; } | { ok: boolean; status: RequestStatus; error?: undefined; }>' is not assignable to type 'string | ((formData: FormData) => void | Promise<void>) | undefined'.
  Type '() => Promise<{ ok: boolean; error: string; status?: undefined; } | { ok: boolean; status: RequestStatus; error?: undefined; }>' is not assignable to type '(formData: FormData) => void | Promise<void>'.
    Type 'Promise<{ ok: boolean; error: string; status?: undefined; } | { ok: boolean; status: RequestStatus; error?: undefined; }>' is not assignable to type 'void | Promise<void>'.
      Type 'Promise<{ ok: boolean; error: string; status?: undefined; } | { ok: boolean; status: RequestStatus; error?: undefined; }>' is not assignable to type 'Promise<void>'.
        Type '{ ok: boolean; error: string; status?: undefined; } | { ok: boolean; status: RequestStatus; error?: undefined; }' is not assignable to type 'void'.
          Type '{ ok: boolean; error: string; status?: undefined; }' is not assignable to type 'void'.
src/app/dashboard/donor/page.tsx(92,25): error TS2322: Type '() => Promise<{ ok: boolean; error: string; status?: undefined; } | { ok: boolean; status: RequestStatus; error?: undefined; }>' is not assignable to type 'string | ((formData: FormData) => void | Promise<void>) | undefined'.
  Type '() => Promise<{ ok: boolean; error: string; status?: undefined; } | { ok: boolean; status: RequestStatus; error?: undefined; }>' is not assignable to type '(formData: FormData) => void | Promise<void>'.
    Type 'Promise<{ ok: boolean; error: string; status?: undefined; } | { ok: boolean; status: RequestStatus; error?: undefined; }>' is not assignable to type 'void | Promise<void>'.
      Type 'Promise<{ ok: boolean; error: string; status?: undefined; } | { ok: boolean; status: RequestStatus; error?: undefined; }>' is not assignable to type 'Promise<void>'.
        Type '{ ok: boolean; error: string; status?: undefined; } | { ok: boolean; status: RequestStatus; error?: undefined; }' is not assignable to type 'void'.
          Type '{ ok: boolean; error: string; status?: undefined; }' is not assignable to type 'void'.
src/app/dashboard/donor/page.tsx(105,27): error TS2322: Type '() => Promise<{ ok: boolean; error: string; } | { ok: boolean; error?: undefined; }>' is not assignable to type 'string | ((formData: FormData) => void | Promise<void>) | undefined'.
  Type '() => Promise<{ ok: boolean; error: string; } | { ok: boolean; error?: undefined; }>' is not assignable to type '(formData: FormData) => void | Promise<void>'.
    Type 'Promise<{ ok: boolean; error: string; } | { ok: boolean; error?: undefined; }>' is not assignable to type 'void | Promise<void>'.
      Type 'Promise<{ ok: boolean; error: string; } | { ok: boolean; error?: undefined; }>' is not assignable to type 'Promise<void>'.
        Type '{ ok: boolean; error: string; } | { ok: boolean; error?: undefined; }' is not assignable to type 'void'.
          Type '{ ok: boolean; error: string; }' is not assignable to type 'void'.
src/app/dashboard/requests/page.tsx(51,29): error TS2322: Type '() => Promise<{ ok: boolean; error: string; } | { ok: boolean; error?: undefined; }>' is not assignable to type 'string | ((formData: FormData) => void | Promise<void>) | undefined'.
  Type '() => Promise<{ ok: boolean; error: string; } | { ok: boolean; error?: undefined; }>' is not assignable to type '(formData: FormData) => void | Promise<void>'.
    Type 'Promise<{ ok: boolean; error: string; } | { ok: boolean; error?: undefined; }>' is not assignable to type 'void | Promise<void>'.
      Type 'Promise<{ ok: boolean; error: string; } | { ok: boolean; error?: undefined; }>' is not assignable to type 'Promise<void>'.
        Type '{ ok: boolean; error: string; } | { ok: boolean; error?: undefined; }' is not assignable to type 'void'.
          Type '{ ok: boolean; error: string; }' is not assignable to type 'void'.
src/app/donors/page.tsx(25,7): error TS2322: Type '{ OR?: ({ location: { contains: string; mode: "insensitive"; }; } | { user: { name: { contains: string; mode: "insensitive"; }; }; } | { user: { email: { contains: string; mode: "insensitive"; }; }; })[] | undefined; ... 4 more ...; blocked: false; }' is not assignable to type 'DonorProfileWhereInput'.
  Types of property 'bloodGroup' are incompatible.
    Type 'string | undefined' is not assignable to type 'BloodGroup | EnumBloodGroupFilter<"DonorProfile"> | undefined'.
      Type 'string' is not assignable to type 'BloodGroup | EnumBloodGroupFilter<"DonorProfile"> | undefined'.
src/app/donors/page.tsx(220,43): error TS2741: Property 'user' is missing in type '{ id: string; agentId: string | null; createdAt: Date; updatedAt: Date; userId: string; bloodGroup: BloodGroup; location: string; availability: AvailabilityStatus; ... 4 more ...; managedById: string | null; }' but required in type '{ id: string; bloodGroup: string; location: string; availability: string; user: { id: string; name: string | null; email: string | null; }; }'.
src/app/makeadmin/page.tsx(7,13): error TS2322: Type '(formData: FormData) => Promise<{ ok: boolean; error: string; } | { ok: boolean; error?: undefined; }>' is not assignable to type 'string | ((formData: FormData) => void | Promise<void>) | undefined'.
  Type '(formData: FormData) => Promise<{ ok: boolean; error: string; } | { ok: boolean; error?: undefined; }>' is not assignable to type '(formData: FormData) => void | Promise<void>'.
    Type 'Promise<{ ok: boolean; error: string; } | { ok: boolean; error?: undefined; }>' is not assignable to type 'void | Promise<void>'.
      Type 'Promise<{ ok: boolean; error: string; } | { ok: boolean; error?: undefined; }>' is not assignable to type 'Promise<void>'.
        Type '{ ok: boolean; error: string; } | { ok: boolean; error?: undefined; }' is not assignable to type 'void'.
          Type '{ ok: boolean; error: string; }' is not assignable to type 'void'.
src/app/profile/page.tsx(44,19): error TS2322: Type '(formData: FormData) => Promise<{ ok: boolean; error: string; } | { ok: boolean; error: { name?: string[] | undefined; }; } | { ok: boolean; error?: undefined; }>' is not assignable to type 'string | ((formData: FormData) => void | Promise<void>) | undefined'.
  Type '(formData: FormData) => Promise<{ ok: boolean; error: string; } | { ok: boolean; error: { name?: string[] | undefined; }; } | { ok: boolean; error?: undefined; }>' is not assignable to type '(formData: FormData) => void | Promise<void>'.
    Type 'Promise<{ ok: boolean; error: string; } | { ok: boolean; error: { name?: string[] | undefined; }; } | { ok: boolean; error?: undefined; }>' is not assignable to type 'void | Promise<void>'.
      Type 'Promise<{ ok: boolean; error: string; } | { ok: boolean; error: { name?: string[] | undefined; }; } | { ok: boolean; error?: undefined; }>' is not assignable to type 'Promise<void>'.
        Type '{ ok: boolean; error: string; } | { ok: boolean; error: { name?: string[] | undefined; }; } | { ok: boolean; error?: undefined; }' is not assignable to type 'void'.
          Type '{ ok: boolean; error: string; }' is not assignable to type 'void'.
src/components/forms/AvailabilityToggle.tsx(10,13): error TS2322: Type '() => Promise<{ ok: boolean; error: string; } | { ok: boolean; error?: undefined; }>' is not assignable to type 'string | ((formData: FormData) => void | Promise<void>) | undefined'.
  Type '() => Promise<{ ok: boolean; error: string; } | { ok: boolean; error?: undefined; }>' is not assignable to type '(formData: FormData) => void | Promise<void>'.
    Type 'Promise<{ ok: boolean; error: string; } | { ok: boolean; error?: undefined; }>' is not assignable to type 'void | Promise<void>'.
      Type 'Promise<{ ok: boolean; error: string; } | { ok: boolean; error?: undefined; }>' is not assignable to type 'Promise<void>'.
        Type '{ ok: boolean; error: string; } | { ok: boolean; error?: undefined; }' is not assignable to type 'void'.
          Type '{ ok: boolean; error: string; }' is not assignable to type 'void'.
src/components/forms/AvailabilityToggle.tsx(18,13): error TS2322: Type '() => Promise<{ ok: boolean; error: string; } | { ok: boolean; error?: undefined; }>' is not assignable to type 'string | ((formData: FormData) => void | Promise<void>) | undefined'.
  Type '() => Promise<{ ok: boolean; error: string; } | { ok: boolean; error?: undefined; }>' is not assignable to type '(formData: FormData) => void | Promise<void>'.
    Type 'Promise<{ ok: boolean; error: string; } | { ok: boolean; error?: undefined; }>' is not assignable to type 'void | Promise<void>'.
      Type 'Promise<{ ok: boolean; error: string; } | { ok: boolean; error?: undefined; }>' is not assignable to type 'Promise<void>'.
        Type '{ ok: boolean; error: string; } | { ok: boolean; error?: undefined; }' is not assignable to type 'void'.
          Type '{ ok: boolean; error: string; }' is not assignable to type 'void'.
src/components/forms/BloodRequestForm.tsx(29,16): error TS2345: Argument of type 'string | { bloodGroup?: string[] | undefined; location?: string[] | undefined; donorId?: string[] | undefined; units?: string[] | undefined; neededAt?: string[] | undefined; note?: string[] | undefined; }' is not assignable to parameter of type 'SetStateAction<string>'.
  Type '{ bloodGroup?: string[] | undefined; location?: string[] | undefined; donorId?: string[] | undefined; units?: string[] | undefined; neededAt?: string[] | undefined; note?: string[] | undefined; }' is not assignable to type 'SetStateAction<string>'.
src/components/forms/DonorProfileForm.tsx(21,11): error TS2322: Type '(formData: FormData) => Promise<{ ok: boolean; error: string; } | { ok: boolean; error: { bloodGroup?: string[] | undefined; location?: string[] | undefined; availability?: string[] | undefined; lastDonationDate?: string[] | undefined; }; } | { ...; }>' is not assignable to type 'string | ((formData: FormData) => void | Promise<void>) | undefined'.
  Type '(formData: FormData) => Promise<{ ok: boolean; error: string; } | { ok: boolean; error: { bloodGroup?: string[] | undefined; location?: string[] | undefined; availability?: string[] | undefined; lastDonationDate?: string[] | undefined; }; } | { ...; }>' is not assignable to type '(formData: FormData) => void | Promise<void>'.
    Type 'Promise<{ ok: boolean; error: string; } | { ok: boolean; error: { bloodGroup?: string[] | undefined; location?: string[] | undefined; availability?: string[] | undefined; lastDonationDate?: string[] | undefined; }; } | { ...; }>' is not assignable to type 'void | Promise<void>'.
      Type 'Promise<{ ok: boolean; error: string; } | { ok: boolean; error: { bloodGroup?: string[] | undefined; location?: string[] | undefined; availability?: string[] | undefined; lastDonationDate?: string[] | undefined; }; } | { ...; }>' is not assignable to type 'Promise<void>'.
        Type '{ ok: boolean; error: string; } | { ok: boolean; error: { bloodGroup?: string[] | undefined; location?: string[] | undefined; availability?: string[] | undefined; lastDonationDate?: string[] | undefined; }; } | { ...; }' is not assignable to type 'void'.
          Type '{ ok: boolean; error: string; }' is not assignable to type 'void'.
src/components/forms/RegisterForm.tsx(48,28): error TS2339: Property 'name' does not exist on type 'string | Record<string, string[]>'.
  Property 'name' does not exist on type 'string'.
src/components/forms/RegisterForm.tsx(49,71): error TS2339: Property 'name' does not exist on type 'string | Record<string, string[]>'.
  Property 'name' does not exist on type 'string'.
src/components/forms/RegisterForm.tsx(62,28): error TS2339: Property 'email' does not exist on type 'string | Record<string, string[]>'.
  Property 'email' does not exist on type 'string'.
src/components/forms/RegisterForm.tsx(63,71): error TS2339: Property 'email' does not exist on type 'string | Record<string, string[]>'.
  Property 'email' does not exist on type 'string'.
src/lib/email.ts(1,24): error TS7016: Could not find a declaration file for module 'nodemailer'. 'C:/Projects/Next.js/blood-donation/node_modules/nodemailer/lib/nodemailer.js' implicitly has an 'any' type.
  Try `npm i --save-dev @types/nodemailer` if it exists or add a new declaration (.d.ts) file containing `declare module 'nodemailer';`
src/lib/permissions.ts(3,14): error TS2741: Property 'AGENT' is missing in type '{ USER: number; DONOR: number; ADMIN: number; }' but required in type 'Record<Role, number>'.
